test_13f_delay (test_contracts.Contracts.test_13f_delay) ... ok
test_call_oi_not_proof (test_contracts.Contracts.test_call_oi_not_proof) ... ok
test_crowding_not_intrinsic (test_contracts.Contracts.test_crowding_not_intrinsic) ... ok
test_fuel_trigger (test_contracts.Contracts.test_fuel_trigger) ... ok
test_gex_assumption (test_contracts.Contracts.test_gex_assumption) ... ok
test_long_unwind (test_contracts.Contracts.test_long_unwind) ... ok
test_missing_unknown (test_contracts.Contracts.test_missing_unknown) ... ok
test_short_volume_not_float (test_contracts.Contracts.test_short_volume_not_float) ... ok
test_si_short_volume_distinct (test_contracts.Contracts.test_si_short_volume_distinct) ... ok
test_two_sided (test_contracts.Contracts.test_two_sided) ... ok
test_coverage (test_screening_contract.Screening.test_coverage) ... ok
test_no_si_rank (test_screening_contract.Screening.test_no_si_rank) ... ok

----------------------------------------------------------------------
Ran 12 tests in 0.001s

OK
